[2945] Jabron de Sisteron - TypeError: resolve_source_for_canyon() missing 1 required keyword-only argument: 'gdal_warp'
Traceback (most recent call last):
  File "/home/plinz/descente-canyon-app/scripts/run_catchment_batch.py", line 1430, in process_single_canyon_safe
    return process_single_canyon(
           ^^^^^^^^^^^^^^^^^^^^^^
  File "/home/plinz/descente-canyon-app/scripts/run_catchment_batch.py", line 1261, in process_single_canyon
    source, source_attempts = resolve_source_for_canyon(
                              ^^^^^^^^^^^^^^^^^^^^^^^^^^
TypeError: resolve_source_for_canyon() missing 1 required keyword-only argument: 'gdal_warp'

[2628] Clue de Cézas - TypeError: resolve_source_for_canyon() missing 1 required keyword-only argument: 'gdal_warp'
Traceback (most recent call last):
  File "/home/plinz/descente-canyon-app/scripts/run_catchment_batch.py", line 1430, in process_single_canyon_safe
    return process_single_canyon(
           ^^^^^^^^^^^^^^^^^^^^^^
  File "/home/plinz/descente-canyon-app/scripts/run_catchment_batch.py", line 1261, in process_single_canyon
    source, source_attempts = resolve_source_for_canyon(
                              ^^^^^^^^^^^^^^^^^^^^^^^^^^
TypeError: resolve_source_for_canyon() missing 1 required keyword-only argument: 'gdal_warp'

[22469] L' Artuby de Malamaire, Artuby - TypeError: resolve_source_for_canyon() missing 1 required keyword-only argument: 'gdal_warp'
Traceback (most recent call last):
  File "/home/plinz/descente-canyon-app/scripts/run_catchment_batch.py", line 1430, in process_single_canyon_safe
    return process_single_canyon(
           ^^^^^^^^^^^^^^^^^^^^^^
  File "/home/plinz/descente-canyon-app/scripts/run_catchment_batch.py", line 1261, in process_single_canyon
    source, source_attempts = resolve_source_for_canyon(
                              ^^^^^^^^^^^^^^^^^^^^^^^^^^
TypeError: resolve_source_for_canyon() missing 1 required keyword-only argument: 'gdal_warp'

[257] La Siagne de la Pare - TypeError: resolve_source_for_canyon() missing 1 required keyword-only argument: 'gdal_warp'
Traceback (most recent call last):
  File "/home/plinz/descente-canyon-app/scripts/run_catchment_batch.py", line 1430, in process_single_canyon_safe
    return process_single_canyon(
           ^^^^^^^^^^^^^^^^^^^^^^
  File "/home/plinz/descente-canyon-app/scripts/run_catchment_batch.py", line 1261, in process_single_canyon
    source, source_attempts = resolve_source_for_canyon(
                              ^^^^^^^^^^^^^^^^^^^^^^^^^^
TypeError: resolve_source_for_canyon() missing 1 required keyword-only argument: 'gdal_warp'

[2544] Ruisseau de Ciuffatu - TypeError: resolve_source_for_canyon() missing 1 required keyword-only argument: 'gdal_warp'
Traceback (most recent call last):
  File "/home/plinz/descente-canyon-app/scripts/run_catchment_batch.py", line 1430, in process_single_canyon_safe
    return process_single_canyon(
           ^^^^^^^^^^^^^^^^^^^^^^
  File "/home/plinz/descente-canyon-app/scripts/run_catchment_batch.py", line 1261, in process_single_canyon
    source, source_attempts = resolve_source_for_canyon(
                              ^^^^^^^^^^^^^^^^^^^^^^^^^^
TypeError: resolve_source_for_canyon() missing 1 required keyword-only argument: 'gdal_warp'

[21105] Torrent des Archettes - TypeError: resolve_source_for_canyon() missing 1 required keyword-only argument: 'gdal_warp'
Traceback (most recent call last):
  File "/home/plinz/descente-canyon-app/scripts/run_catchment_batch.py", line 1430, in process_single_canyon_safe
    return process_single_canyon(
           ^^^^^^^^^^^^^^^^^^^^^^
  File "/home/plinz/descente-canyon-app/scripts/run_catchment_batch.py", line 1261, in process_single_canyon
    source, source_attempts = resolve_source_for_canyon(
                              ^^^^^^^^^^^^^^^^^^^^^^^^^^
TypeError: resolve_source_for_canyon() missing 1 required keyword-only argument: 'gdal_warp'

[23164] Torrent de Gournier - TypeError: resolve_source_for_canyon() missing 1 required keyword-only argument: 'gdal_warp'
Traceback (most recent call last):
  File "/home/plinz/descente-canyon-app/scripts/run_catchment_batch.py", line 1430, in process_single_canyon_safe
    return process_single_canyon(
           ^^^^^^^^^^^^^^^^^^^^^^
  File "/home/plinz/descente-canyon-app/scripts/run_catchment_batch.py", line 1261, in process_single_canyon
    source, source_attempts = resolve_source_for_canyon(
                              ^^^^^^^^^^^^^^^^^^^^^^^^^^
TypeError: resolve_source_for_canyon() missing 1 required keyword-only argument: 'gdal_warp'

[2114] Gorges de Chailles, Guiers - TypeError: resolve_source_for_canyon() missing 1 required keyword-only argument: 'gdal_warp'
Traceback (most recent call last):
  File "/home/plinz/descente-canyon-app/scripts/run_catchment_batch.py", line 1430, in process_single_canyon_safe
    return process_single_canyon(
           ^^^^^^^^^^^^^^^^^^^^^^
  File "/home/plinz/descente-canyon-app/scripts/run_catchment_batch.py", line 1261, in process_single_canyon
    source, source_attempts = resolve_source_for_canyon(
                              ^^^^^^^^^^^^^^^^^^^^^^^^^^
TypeError: resolve_source_for_canyon() missing 1 required keyword-only argument: 'gdal_warp'

[23141] Ruisseau du Cros - TypeError: resolve_source_for_canyon() missing 1 required keyword-only argument: 'gdal_warp'
Traceback (most recent call last):
  File "/home/plinz/descente-canyon-app/scripts/run_catchment_batch.py", line 1430, in process_single_canyon_safe
    return process_single_canyon(
           ^^^^^^^^^^^^^^^^^^^^^^
  File "/home/plinz/descente-canyon-app/scripts/run_catchment_batch.py", line 1261, in process_single_canyon
    source, source_attempts = resolve_source_for_canyon(
                              ^^^^^^^^^^^^^^^^^^^^^^^^^^
TypeError: resolve_source_for_canyon() missing 1 required keyword-only argument: 'gdal_warp'

[231] Gorges de Galamus, L'Agly - TypeError: resolve_source_for_canyon() missing 1 required keyword-only argument: 'gdal_warp'
Traceback (most recent call last):
  File "/home/plinz/descente-canyon-app/scripts/run_catchment_batch.py", line 1430, in process_single_canyon_safe
    return process_single_canyon(
           ^^^^^^^^^^^^^^^^^^^^^^
  File "/home/plinz/descente-canyon-app/scripts/run_catchment_batch.py", line 1261, in process_single_canyon
    source, source_attempts = resolve_source_for_canyon(
                              ^^^^^^^^^^^^^^^^^^^^^^^^^^
TypeError: resolve_source_for_canyon() missing 1 required keyword-only argument: 'gdal_warp'

[22567] Grand Vallon - TypeError: resolve_source_for_canyon() missing 1 required keyword-only argument: 'gdal_warp'
Traceback (most recent call last):
  File "/home/plinz/descente-canyon-app/scripts/run_catchment_batch.py", line 1430, in process_single_canyon_safe
    return process_single_canyon(
           ^^^^^^^^^^^^^^^^^^^^^^
  File "/home/plinz/descente-canyon-app/scripts/run_catchment_batch.py", line 1261, in process_single_canyon
    source, source_attempts = resolve_source_for_canyon(
                              ^^^^^^^^^^^^^^^^^^^^^^^^^^
TypeError: resolve_source_for_canyon() missing 1 required keyword-only argument: 'gdal_warp'

[22469] L' Artuby de Malamaire, Artuby - TypeError: process_single_canyon() missing 1 required keyword-only argument: 'gdal_warp'
Traceback (most recent call last):
  File "/home/plinz/descente-canyon-app/scripts/run_catchment_batch.py", line 1432, in process_single_canyon_safe
    return process_single_canyon(
           ^^^^^^^^^^^^^^^^^^^^^^
TypeError: process_single_canyon() missing 1 required keyword-only argument: 'gdal_warp'

[257] La Siagne de la Pare - TypeError: process_single_canyon() missing 1 required keyword-only argument: 'gdal_warp'
Traceback (most recent call last):
  File "/home/plinz/descente-canyon-app/scripts/run_catchment_batch.py", line 1432, in process_single_canyon_safe
    return process_single_canyon(
           ^^^^^^^^^^^^^^^^^^^^^^
TypeError: process_single_canyon() missing 1 required keyword-only argument: 'gdal_warp'

[2945] Jabron de Sisteron - TypeError: process_single_canyon() missing 1 required keyword-only argument: 'gdal_warp'
Traceback (most recent call last):
  File "/home/plinz/descente-canyon-app/scripts/run_catchment_batch.py", line 1432, in process_single_canyon_safe
    return process_single_canyon(
           ^^^^^^^^^^^^^^^^^^^^^^
TypeError: process_single_canyon() missing 1 required keyword-only argument: 'gdal_warp'

[2628] Clue de Cézas - TypeError: process_single_canyon() missing 1 required keyword-only argument: 'gdal_warp'
Traceback (most recent call last):
  File "/home/plinz/descente-canyon-app/scripts/run_catchment_batch.py", line 1432, in process_single_canyon_safe
    return process_single_canyon(
           ^^^^^^^^^^^^^^^^^^^^^^
TypeError: process_single_canyon() missing 1 required keyword-only argument: 'gdal_warp'

[2544] Ruisseau de Ciuffatu - TypeError: process_single_canyon() missing 1 required keyword-only argument: 'gdal_warp'
Traceback (most recent call last):
  File "/home/plinz/descente-canyon-app/scripts/run_catchment_batch.py", line 1432, in process_single_canyon_safe
    return process_single_canyon(
           ^^^^^^^^^^^^^^^^^^^^^^
TypeError: process_single_canyon() missing 1 required keyword-only argument: 'gdal_warp'

[21105] Torrent des Archettes - TypeError: process_single_canyon() missing 1 required keyword-only argument: 'gdal_warp'
Traceback (most recent call last):
  File "/home/plinz/descente-canyon-app/scripts/run_catchment_batch.py", line 1432, in process_single_canyon_safe
    return process_single_canyon(
           ^^^^^^^^^^^^^^^^^^^^^^
TypeError: process_single_canyon() missing 1 required keyword-only argument: 'gdal_warp'

[23164] Torrent de Gournier - TypeError: process_single_canyon() missing 1 required keyword-only argument: 'gdal_warp'
Traceback (most recent call last):
  File "/home/plinz/descente-canyon-app/scripts/run_catchment_batch.py", line 1432, in process_single_canyon_safe
    return process_single_canyon(
           ^^^^^^^^^^^^^^^^^^^^^^
TypeError: process_single_canyon() missing 1 required keyword-only argument: 'gdal_warp'

[2114] Gorges de Chailles, Guiers - TypeError: process_single_canyon() missing 1 required keyword-only argument: 'gdal_warp'
Traceback (most recent call last):
  File "/home/plinz/descente-canyon-app/scripts/run_catchment_batch.py", line 1432, in process_single_canyon_safe
    return process_single_canyon(
           ^^^^^^^^^^^^^^^^^^^^^^
TypeError: process_single_canyon() missing 1 required keyword-only argument: 'gdal_warp'

[23141] Ruisseau du Cros - TypeError: process_single_canyon() missing 1 required keyword-only argument: 'gdal_warp'
Traceback (most recent call last):
  File "/home/plinz/descente-canyon-app/scripts/run_catchment_batch.py", line 1432, in process_single_canyon_safe
    return process_single_canyon(
           ^^^^^^^^^^^^^^^^^^^^^^
TypeError: process_single_canyon() missing 1 required keyword-only argument: 'gdal_warp'

[231] Gorges de Galamus, L'Agly - TypeError: process_single_canyon() missing 1 required keyword-only argument: 'gdal_warp'
Traceback (most recent call last):
  File "/home/plinz/descente-canyon-app/scripts/run_catchment_batch.py", line 1432, in process_single_canyon_safe
    return process_single_canyon(
           ^^^^^^^^^^^^^^^^^^^^^^
TypeError: process_single_canyon() missing 1 required keyword-only argument: 'gdal_warp'

[22567] Grand Vallon - TypeError: process_single_canyon() missing 1 required keyword-only argument: 'gdal_warp'
Traceback (most recent call last):
  File "/home/plinz/descente-canyon-app/scripts/run_catchment_batch.py", line 1432, in process_single_canyon_safe
    return process_single_canyon(
           ^^^^^^^^^^^^^^^^^^^^^^
TypeError: process_single_canyon() missing 1 required keyword-only argument: 'gdal_warp'

