[257] La Siagne de la Pare -> no_matching_source | attempts=[]
[231] Gorges de Galamus, L'Agly -> no_matching_source | attempts=[]
[2114] Gorges de Chailles, Guiers -> no_matching_source | attempts=[]
[2295] Cascades d' Arifat, Ruisseau des Bardes -> no_matching_source | attempts=[]
[2296] Le Dourdou -> no_matching_source | attempts=[]
[2297] Gorges du Banquet, Arn -> no_matching_source | attempts=[]
[2461] Clue du Haut Jabron -> no_matching_source | attempts=[]
[2471] Cascade du Bout du monde, Cascade de la Cozanne ou du Cul de Menevault, Cozanne -> no_matching_source | attempts=[]
[2544] Ruisseau de Ciuffatu -> no_matching_source | attempts=[]
[2628] Clue de Cézas -> no_matching_source | attempts=[]
[2945] Jabron de Sisteron -> no_matching_source | attempts=[]
[21105] Torrent des Archettes -> no_matching_source | attempts=[]
[22295] Canyon de Putoa -> no_matching_source | attempts=[]
[22296] Ravine Manguier -> no_matching_source | attempts=[]
[22297] Ravine Dinosaure -> no_matching_source | attempts=[]
[22298] Canyon de Mamao -> no_matching_source | attempts=[]
[22458] Ruisseau de Saint Jean, Ruisseau de St Jean -> no_matching_source | attempts=[]
[22469] L' Artuby de Malamaire, Artuby -> no_matching_source | attempts=[]
[22567] Grand Vallon -> no_matching_source | attempts=[]
[23141] Ruisseau du Cros -> no_matching_source | attempts=[]
[23164] Torrent de Gournier -> no_matching_source | attempts=[]
[23335] Cascade d' Aigache, Ruisseau d'Aigasse -> no_matching_source | attempts=[]
[2544] Ruisseau de Ciuffatu -> no_matching_source | attempts=[{"sourceName": "ign-rgealti5m-2a-corse-du-sud", "provider": "ign", "matched": true, "availableBefore": false, "forcePrepare": false, "prepareError": "CalledProcessError: Command '['/home/plinz/descente-canyon-app/.venv/bin/python3', 'scripts/prepare_ign_department_dem.py', '--manifest', 'build/watersheds/ign-plan/ign_download_manifest.json', '--dataset', 'rgealti5m', '--department', 'Haute-Corse , Corse-du-Sud', '--output-dir', 'build/watersheds/ign-data']' returned non-zero exit status 1."}, {"sourceName": "ign-bdalti-2a-corse-du-sud", "provider": "ign", "matched": true, "availableBefore": false, "forcePrepare": false, "prepareError": "CalledProcessError: Command '['/home/plinz/descente-canyon-app/.venv/bin/python3', 'scripts/prepare_ign_department_dem.py', '--manifest', 'build/watersheds/ign-plan/ign_download_manifest.json', '--dataset', 'bdalti', '--department', 'Haute-Corse , Corse-du-Sud', '--output-dir', 'build/watersheds/ign-data']' returned non-zero exit status 1."}, {"sourceName": "ign-rgealti5m-2b-haute-corse", "provider": "ign", "matched": true, "availableBefore": false, "forcePrepare": false, "prepareError": "CalledProcessError: Command '['/home/plinz/descente-canyon-app/.venv/bin/python3', 'scripts/prepare_ign_department_dem.py', '--manifest', 'build/watersheds/ign-plan/ign_download_manifest.json', '--dataset', 'rgealti5m', '--department', 'Haute-Corse , Corse-du-Sud', '--output-dir', 'build/watersheds/ign-data']' returned non-zero exit status 1."}, {"sourceName": "ign-bdalti-2b-haute-corse", "provider": "ign", "matched": true, "availableBefore": false, "forcePrepare": false, "prepareError": "CalledProcessError: Command '['/home/plinz/descente-canyon-app/.venv/bin/python3', 'scripts/prepare_ign_department_dem.py', '--manifest', 'build/watersheds/ign-plan/ign_download_manifest.json', '--dataset', 'bdalti', '--department', 'Haute-Corse , Corse-du-Sud', '--output-dir', 'build/watersheds/ign-data']' returned non-zero exit status 1."}]
